{
  "version": "1.5.0",
  "plugins_used": [
    {
      "name": "ArtifactoryDetector"
    },
    {
      "name": "AWSKeyDetector"
    },
    {
      "name": "AzureStorageKeyDetector"
    },
    {
      "name": "Base64HighEntropyString",
      "limit": 4.5
    },
    {
      "name": "BasicAuthDetector"
    },
    {
      "name": "CloudantDetector"
    },
    {
      "name": "DiscordBotTokenDetector"
    },
    {
      "name": "GitHubTokenDetector"
    },
    {
      "name": "GitLabTokenDetector"
    },
    {
      "name": "HexHighEntropyString",
      "limit": 3.0
    },
    {
      "name": "IbmCloudIamDetector"
    },
    {
      "name": "IbmCosHmacDetector"
    },
    {
      "name": "IPPublicDetector"
    },
    {
      "name": "JwtTokenDetector"
    },
    {
      "name": "KeywordDetector",
      "keyword_exclude": ""
    },
    {
      "name": "MailchimpDetector"
    },
    {
      "name": "NpmDetector"
    },
    {
      "name": "OpenAIDetector"
    },
    {
      "name": "PrivateKeyDetector"
    },
    {
      "name": "PypiTokenDetector"
    },
    {
      "name": "SendGridDetector"
    },
    {
      "name": "SlackDetector"
    },
    {
      "name": "SoftlayerDetector"
    },
    {
      "name": "SquareOAuthDetector"
    },
    {
      "name": "StripeDetector"
    },
    {
      "name": "TelegramBotTokenDetector"
    },
    {
      "name": "TwilioKeyDetector"
    }
  ],
  "filters_used": [
    {
      "path": "detect_secrets.filters.allowlist.is_line_allowlisted"
    },
    {
      "path": "detect_secrets.filters.common.is_ignored_due_to_verification_policies",
      "min_level": 2
    },
    {
      "path": "detect_secrets.filters.heuristic.is_indirect_reference"
    },
    {
      "path": "detect_secrets.filters.heuristic.is_likely_id_string"
    },
    {
      "path": "detect_secrets.filters.heuristic.is_lock_file"
    },
    {
      "path": "detect_secrets.filters.heuristic.is_not_alphanumeric_string"
    },
    {
      "path": "detect_secrets.filters.heuristic.is_potential_uuid"
    },
    {
      "path": "detect_secrets.filters.heuristic.is_prefixed_with_dollar_sign"
    },
    {
      "path": "detect_secrets.filters.heuristic.is_sequential_string"
    },
    {
      "path": "detect_secrets.filters.heuristic.is_swagger_file"
    },
    {
      "path": "detect_secrets.filters.heuristic.is_templated_secret"
    },
    {
      "path": "detect_secrets.filters.regex.should_exclude_file",
      "pattern": [
        "\\.env\\.example$"
      ]
    }
  ],
  "results": {
    "AGENTS.md": [
      {
        "type": "Secret Keyword",
        "filename": "AGENTS.md",
        "hashed_secret": "9d4e1e23bd5b727046a9e3b4b7db57bd8d6ee684",
        "is_verified": false,
        "line_number": 584
      },
      {
        "type": "Secret Keyword",
        "filename": "AGENTS.md",
        "hashed_secret": "9e8802c0db3fb4a925f04744f19ad8a39eefa54d",
        "is_verified": false,
        "line_number": 759
      }
    ],
    "browser_use/mcp/server.py": [
      {
        "type": "Secret Keyword",
        "filename": "browser_use/mcp/server.py",
        "hashed_secret": "bb610d4cc42ef93f87d23a7405be2a2ed54c6045",
        "is_verified": false,
        "line_number": 19
      }
    ],
    "browser_use/skill_cli/api_key.py": [
      {
        "type": "Secret Keyword",
        "filename": "browser_use/skill_cli/api_key.py",
        "hashed_secret": "a3e14ca24483c78554c083bc907c7194c7846ef1",
        "is_verified": false,
        "line_number": 66
      }
    ],
    "browser_use/tools/registry/service.py": [
      {
        "type": "Secret Keyword",
        "filename": "browser_use/tools/registry/service.py",
        "hashed_secret": "065d4d8f3b5adb4a08841eae3c80f4217ebb6709",
        "is_verified": false,
        "line_number": 476
      }
    ],
    "docs/customize/browser/all-parameters.mdx": [
      {
        "type": "Secret Keyword",
        "filename": "docs/customize/browser/all-parameters.mdx",
        "hashed_secret": "9d4e1e23bd5b727046a9e3b4b7db57bd8d6ee684",
        "is_verified": false,
        "line_number": 52
      }
    ],
    "docs/customize/browser/authentication.mdx": [
      {
        "type": "Secret Keyword",
        "filename": "docs/customize/browser/authentication.mdx",
        "hashed_secret": "b57fa0798cf182195d00866158f0f022ad324741",
        "is_verified": false,
        "line_number": 143
      },
      {
        "type": "Secret Keyword",
        "filename": "docs/customize/browser/authentication.mdx",
        "hashed_secret": "f2b14f68eb995facb3a1c35287b778d5bd785511",
        "is_verified": false,
        "line_number": 296
      }
    ],
    "docs/customize/browser/remote.mdx": [
      {
        "type": "Secret Keyword",
        "filename": "docs/customize/browser/remote.mdx",
        "hashed_secret": "9e8802c0db3fb4a925f04744f19ad8a39eefa54d",
        "is_verified": false,
        "line_number": 74
      }
    ],
    "docs/customize/integrations/mcp-server.mdx": [
      {
        "type": "Secret Keyword",
        "filename": "docs/customize/integrations/mcp-server.mdx",
        "hashed_secret": "6a01df300e8fdc808a9e5ff43e165e08a4bcb06c",
        "is_verified": false,
        "line_number": 205
      }
    ],
    "docs/docs.json": [
      {
        "type": "Base64 High Entropy String",
        "filename": "docs/docs.json",
        "hashed_secret": "d3cc47aebfc7a09ba91909dfeb120f2b1d6dd074",
        "is_verified": false,
        "line_number": 28
      },
      {
        "type": "Secret Keyword",
        "filename": "docs/docs.json",
        "hashed_secret": "d3cc47aebfc7a09ba91909dfeb120f2b1d6dd074",
        "is_verified": false,
        "line_number": 28
      }
    ],
    "docs/examples/apps/ad-use.mdx": [
      {
        "type": "Secret Keyword",
        "filename": "docs/examples/apps/ad-use.mdx",
        "hashed_secret": "9f04739cad5236a969f4bd812aa06e3ab89ceffe",
        "is_verified": false,
        "line_number": 36
      }
    ],
    "docs/examples/apps/msg-use.mdx": [
      {
        "type": "Secret Keyword",
        "filename": "docs/examples/apps/msg-use.mdx",
        "hashed_secret": "0b076cacdd3bc99c8f4c5e7b53921913984acf02",
        "is_verified": false,
        "line_number": 35
      }
    ],
    "docs/examples/apps/news-use.mdx": [
      {
        "type": "Secret Keyword",
        "filename": "docs/examples/apps/news-use.mdx",
        "hashed_secret": "9f04739cad5236a969f4bd812aa06e3ab89ceffe",
        "is_verified": false,
        "line_number": 35
      }
    ],
    "docs/examples/apps/vibetest-use.mdx": [
      {
        "type": "Secret Keyword",
        "filename": "docs/examples/apps/vibetest-use.mdx",
        "hashed_secret": "89a6cfe2a229151e8055abee107d45ed087bbb4f",
        "is_verified": false,
        "line_number": 49
      }
    ],
    "examples/apps/ad-use/README.md": [
      {
        "type": "Secret Keyword",
        "filename": "examples/apps/ad-use/README.md",
        "hashed_secret": "9f04739cad5236a969f4bd812aa06e3ab89ceffe",
        "is_verified": false,
        "line_number": 28
      }
    ],
    "examples/apps/msg-use/README.md": [
      {
        "type": "Secret Keyword",
        "filename": "examples/apps/msg-use/README.md",
        "hashed_secret": "0b076cacdd3bc99c8f4c5e7b53921913984acf02",
        "is_verified": false,
        "line_number": 27
      }
    ],
    "examples/apps/msg-use/login.py": [
      {
        "type": "Secret Keyword",
        "filename": "examples/apps/msg-use/login.py",
        "hashed_secret": "aecdccc1cf64595b34e0cc152d238daabb32183a",
        "is_verified": false,
        "line_number": 22
      }
    ],
    "examples/apps/news-use/README.md": [
      {
        "type": "Secret Keyword",
        "filename": "examples/apps/news-use/README.md",
        "hashed_secret": "9f04739cad5236a969f4bd812aa06e3ab89ceffe",
        "is_verified": false,
        "line_number": 27
      }
    ],
    "examples/apps/news-use/news_monitor.py": [
      {
        "type": "Secret Keyword",
        "filename": "examples/apps/news-use/news_monitor.py",
        "hashed_secret": "4ad583af22c2e7d40c1c916b2920299155a46464",
        "is_verified": false,
        "line_number": 45
      },
      {
        "type": "Secret Keyword",
        "filename": "examples/apps/news-use/news_monitor.py",
        "hashed_secret": "aecdccc1cf64595b34e0cc152d238daabb32183a",
        "is_verified": false,
        "line_number": 48
      }
    ],
    "examples/cloud/README.md": [
      {
        "type": "Secret Keyword",
        "filename": "examples/cloud/README.md",
        "hashed_secret": "cf4a956e75901c220c0f5fbaec41987fc6177345",
        "is_verified": false,
        "line_number": 20
      },
      {
        "type": "Secret Keyword",
        "filename": "examples/cloud/README.md",
        "hashed_secret": "564e340cd48437d2dfe876ee154cc99dc4d0d137",
        "is_verified": false,
        "line_number": 81
      },
      {
        "type": "Secret Keyword",
        "filename": "examples/cloud/README.md",
        "hashed_secret": "89a6cfe2a229151e8055abee107d45ed087bbb4f",
        "is_verified": false,
        "line_number": 82
      }
    ],
    "examples/custom-functions/2fa.py": [
      {
        "type": "Secret Keyword",
        "filename": "examples/custom-functions/2fa.py",
        "hashed_secret": "b57fa0798cf182195d00866158f0f022ad324741",
        "is_verified": false,
        "line_number": 17
      }
    ],
    "examples/custom-functions/parallel_agents.py": [
      {
        "type": "Secret Keyword",
        "filename": "examples/custom-functions/parallel_agents.py",
        "hashed_secret": "a8253456364f1bfc7da7ae4a1db5b45d106317a5",
        "is_verified": false,
        "line_number": 292
      }
    ],
    "examples/features/judge_trace.py": [
      {
        "type": "Secret Keyword",
        "filename": "examples/features/judge_trace.py",
        "hashed_secret": "6d9c68c603e465077bdd49c62347fe54717f83a3",
        "is_verified": false,
        "line_number": 4
      }
    ],
    "examples/features/save_as_pdf.py": [
      {
        "type": "Secret Keyword",
        "filename": "examples/features/save_as_pdf.py",
        "hashed_secret": "6d9c68c603e465077bdd49c62347fe54717f83a3",
        "is_verified": false,
        "line_number": 10
      }
    ],
    "examples/features/sensitive_data.py": [
      {
        "type": "Secret Keyword",
        "filename": "examples/features/sensitive_data.py",
        "hashed_secret": "8081dbcd799aaf0d7eac84026c4fbbe0bbb5fbbe",
        "is_verified": false,
        "line_number": 19
      }
    ],
    "examples/getting_started/01_basic_search.py": [
      {
        "type": "Secret Keyword",
        "filename": "examples/getting_started/01_basic_search.py",
        "hashed_secret": "6d9c68c603e465077bdd49c62347fe54717f83a3",
        "is_verified": false,
        "line_number": 4
      }
    ],
    "examples/getting_started/02_form_filling.py": [
      {
        "type": "Secret Keyword",
        "filename": "examples/getting_started/02_form_filling.py",
        "hashed_secret": "6d9c68c603e465077bdd49c62347fe54717f83a3",
        "is_verified": false,
        "line_number": 14
      }
    ],
    "examples/getting_started/03_data_extraction.py": [
      {
        "type": "Secret Keyword",
        "filename": "examples/getting_started/03_data_extraction.py",
        "hashed_secret": "6d9c68c603e465077bdd49c62347fe54717f83a3",
        "is_verified": false,
        "line_number": 14
      }
    ],
    "examples/getting_started/04_multi_step_task.py": [
      {
        "type": "Secret Keyword",
        "filename": "examples/getting_started/04_multi_step_task.py",
        "hashed_secret": "6d9c68c603e465077bdd49c62347fe54717f83a3",
        "is_verified": false,
        "line_number": 14
      }
    ],
    "examples/models/browser_use_llm.py": [
      {
        "type": "Secret Keyword",
        "filename": "examples/models/browser_use_llm.py",
        "hashed_secret": "6d9c68c603e465077bdd49c62347fe54717f83a3",
        "is_verified": false,
        "line_number": 6
      }
    ],
    "examples/models/bu_oss.py": [
      {
        "type": "Secret Keyword",
        "filename": "examples/models/bu_oss.py",
        "hashed_secret": "6d9c68c603e465077bdd49c62347fe54717f83a3",
        "is_verified": false,
        "line_number": 4
      }
    ],
    "examples/simple.py": [
      {
        "type": "Secret Keyword",
        "filename": "examples/simple.py",
        "hashed_secret": "6d9c68c603e465077bdd49c62347fe54717f83a3",
        "is_verified": false,
        "line_number": 4
      }
    ],
    "tests/ci/browser/test_proxy.py": [
      {
        "type": "Secret Keyword",
        "filename": "tests/ci/browser/test_proxy.py",
        "hashed_secret": "9d4e1e23bd5b727046a9e3b4b7db57bd8d6ee684",
        "is_verified": false,
        "line_number": 102
      }
    ],
    "tests/ci/conftest.py": [
      {
        "type": "Secret Keyword",
        "filename": "tests/ci/conftest.py",
        "hashed_secret": "5ffe533b830f08a0326348a9160afafc8ada44db",
        "is_verified": false,
        "line_number": 32
      }
    ],
    "tests/ci/infrastructure/test_config.py": [
      {
        "type": "Secret Keyword",
        "filename": "tests/ci/infrastructure/test_config.py",
        "hashed_secret": "ed65c049bb2f78ee4f703b2158ba9cc6ea31fb7e",
        "is_verified": false,
        "line_number": 61
      },
      {
        "type": "Secret Keyword",
        "filename": "tests/ci/infrastructure/test_config.py",
        "hashed_secret": "9870bc15b1e6291383824c40d4c9281d1ae41932",
        "is_verified": false,
        "line_number": 65
      }
    ],
    "tests/ci/interactions/test_autocomplete_interaction.py": [
      {
        "type": "Secret Keyword",
        "filename": "tests/ci/interactions/test_autocomplete_interaction.py",
        "hashed_secret": "f2b14f68eb995facb3a1c35287b778d5bd785511",
        "is_verified": false,
        "line_number": 266
      }
    ],
    "tests/ci/models/test_azure_responses_api.py": [
      {
        "type": "Secret Keyword",
        "filename": "tests/ci/models/test_azure_responses_api.py",
        "hashed_secret": "a94a8fe5ccb19ba61c4c0873d391e987982fbbd3",
        "is_verified": false,
        "line_number": 144
      }
    ],
    "tests/ci/models/test_llm_anthropic.py": [
      {
        "type": "Secret Keyword",
        "filename": "tests/ci/models/test_llm_anthropic.py",
        "hashed_secret": "f8ca0d7266886f4b5be9adddc9b66017b3bf1a4b",
        "is_verified": false,
        "line_number": 12
      }
    ],
    "tests/ci/models/test_llm_azure.py": [
      {
        "type": "Secret Keyword",
        "filename": "tests/ci/models/test_llm_azure.py",
        "hashed_secret": "9686e1795143fa97cffcb7a49911e2c496dec30d",
        "is_verified": false,
        "line_number": 12
      }
    ],
    "tests/ci/models/test_llm_browseruse.py": [
      {
        "type": "Secret Keyword",
        "filename": "tests/ci/models/test_llm_browseruse.py",
        "hashed_secret": "98a645ee4ab8c239bd6fd363c2c9958bc407a06d",
        "is_verified": false,
        "line_number": 12
      }
    ],
    "tests/ci/models/test_llm_google.py": [
      {
        "type": "Secret Keyword",
        "filename": "tests/ci/models/test_llm_google.py",
        "hashed_secret": "1db4aba2bc9d400d5e75f5473ff811cd819a436d",
        "is_verified": false,
        "line_number": 12
      }
    ],
    "tests/ci/models/test_llm_openai.py": [
      {
        "type": "Secret Keyword",
        "filename": "tests/ci/models/test_llm_openai.py",
        "hashed_secret": "02ecb94373bfb3dfe827ca18409f50b016e8302a",
        "is_verified": false,
        "line_number": 12
      }
    ],
    "tests/ci/security/test_domain_filtering.py": [
      {
        "type": "Basic Auth Credentials",
        "filename": "tests/ci/security/test_domain_filtering.py",
        "hashed_secret": "5baa61e4c9b93f3f0682250b6cf8331b7ee68fd8",
        "is_verified": false,
        "line_number": 21
      }
    ],
    "tests/ci/security/test_sensitive_data.py": [
      {
        "type": "Secret Keyword",
        "filename": "tests/ci/security/test_sensitive_data.py",
        "hashed_secret": "ff37a98a9963d347e9749a5c1b3936a4a245a6ff",
        "is_verified": false,
        "line_number": 48
      },
      {
        "type": "Basic Auth Credentials",
        "filename": "tests/ci/security/test_sensitive_data.py",
        "hashed_secret": "0caaf24ab1a0c33440c06afe99df986365b0781f",
        "is_verified": false,
        "line_number": 187
      },
      {
        "type": "Basic Auth Credentials",
        "filename": "tests/ci/security/test_sensitive_data.py",
        "hashed_secret": "9d4e1e23bd5b727046a9e3b4b7db57bd8d6ee684",
        "is_verified": false,
        "line_number": 195
      },
      {
        "type": "Secret Keyword",
        "filename": "tests/ci/security/test_sensitive_data.py",
        "hashed_secret": "f2b14f68eb995facb3a1c35287b778d5bd785511",
        "is_verified": false,
        "line_number": 229
      },
      {
        "type": "Secret Keyword",
        "filename": "tests/ci/security/test_sensitive_data.py",
        "hashed_secret": "2c539b0b0aba7d774bca7274a5082e205a35f2e1",
        "is_verified": false,
        "line_number": 249
      },
      {
        "type": "Secret Keyword",
        "filename": "tests/ci/security/test_sensitive_data.py",
        "hashed_secret": "71e0a037aef841e4bbf40e20985801944de5550b",
        "is_verified": false,
        "line_number": 379
      }
    ]
  },
  "generated_at": "2026-03-04T08:09:04Z"
}
